H :> []
H <: [A, C, F]
G :> []
G <: [A, C, F]
F :> [G, H]
F <: [A, C]
E :> []
E <: [A, C]
D :> []
D <: [A, B]
C :> [E, F, G, H]
C <: [A]
B :> [D]
B <: [A]
A :> [B, C, D, E, F, G, H]
A <: []

