Box :> [MyBox]
Box <: []
MyBox :> []
MyBox <: [Box]