NodeName: Entry[17] Successors: [Exit[18]]
NodeName: Exit[18] Successors: []
NodeName: Entry[9] Successors: [Exit[10]]
NodeName: Exit[10] Successors: []
NodeName: Entry[30] Successors: [ClassInstanceExpr[50]]
NodeName: ClassInstanceExpr[50] Successors: [VariableDeclarator[47]]
NodeName: VariableDeclarator[47] Successors: [VarAccess[66]]
NodeName: VarAccess[66] Successors: [VariableDeclarator[63], VariableDeclarator[134]]
NodeName: VariableDeclarator[63] Successors: [IntegerLiteral[77]]
NodeName: IntegerLiteral[77] Successors: [VariableDeclarator[74]]
NodeName: VariableDeclarator[74] Successors: [VarAccess[83]]
NodeName: VarAccess[83] Successors: [StringLiteral[87]]
NodeName: StringLiteral[87] Successors: [MethodAccess[84]]
NodeName: MethodAccess[84] Successors: [UncheckedExceptions[91], UncheckedExceptions[119]]
NodeName: UncheckedExceptions[91] Successors: [VariableDeclarator[102]]
NodeName: VariableDeclarator[102] Successors: [VariableDeclarator[134], Exit[37]]
NodeName: VariableDeclarator[134] Successors: [Exit[37]]
NodeName: Exit[37] Successors: []
NodeName: UncheckedExceptions[119] Successors: [VariableDeclarator[116]]
NodeName: VariableDeclarator[116] Successors: [IntegerLiteral[128], Exit[37]]
NodeName: IntegerLiteral[128] Successors: [VariableDeclarator[125]]
NodeName: VariableDeclarator[125] Successors: [VarAccess[66]]

NodeName: Exit[18] Predecessor: [Entry[17]]
NodeName: Entry[17] Predecessor: []
NodeName: Exit[10] Predecessor: [Entry[9]]
NodeName: Entry[9] Predecessor: []
NodeName: Exit[37] Predecessor: [VariableDeclarator[102], VariableDeclarator[116], VariableDeclarator[134]]
NodeName: VariableDeclarator[102] Predecessor: [UncheckedExceptions[91]]
NodeName: UncheckedExceptions[91] Predecessor: [MethodAccess[84]]
NodeName: MethodAccess[84] Predecessor: [StringLiteral[87]]
NodeName: StringLiteral[87] Predecessor: [VarAccess[83]]
NodeName: VarAccess[83] Predecessor: [VariableDeclarator[74]]
NodeName: VariableDeclarator[74] Predecessor: [IntegerLiteral[77]]
NodeName: IntegerLiteral[77] Predecessor: [VariableDeclarator[63]]
NodeName: VariableDeclarator[63] Predecessor: [VarAccess[66]]
NodeName: VarAccess[66] Predecessor: [VariableDeclarator[47], VariableDeclarator[125]]
NodeName: VariableDeclarator[47] Predecessor: [ClassInstanceExpr[50]]
NodeName: ClassInstanceExpr[50] Predecessor: [Entry[30]]
NodeName: Entry[30] Predecessor: []
NodeName: VariableDeclarator[125] Predecessor: [IntegerLiteral[128]]
NodeName: IntegerLiteral[128] Predecessor: [VariableDeclarator[116]]
NodeName: VariableDeclarator[116] Predecessor: [UncheckedExceptions[119]]
NodeName: UncheckedExceptions[119] Predecessor: [MethodAccess[84]]
NodeName: VariableDeclarator[134] Predecessor: [VarAccess[66], VariableDeclarator[102]]
