NodeName: Entry[15] Successors: [Exit[16]]
NodeName: Exit[16] Successors: []
NodeName: Entry[7] Successors: [BooleanLiteral[39]]
NodeName: BooleanLiteral[39] Successors: [VariableDeclarator[36]]
NodeName: VariableDeclarator[36] Successors: [BooleanLiteral[48]]
NodeName: BooleanLiteral[48] Successors: [VariableDeclarator[45]]
NodeName: VariableDeclarator[45] Successors: [VarAccess[50]]
NodeName: VarAccess[50] Successors: [VarAccess[54], VariableDeclarator[90]]
NodeName: VarAccess[54] Successors: [VariableDeclarator[62], VariableDeclarator[73]]
NodeName: VariableDeclarator[62] Successors: [VariableDeclarator[81]]
NodeName: VariableDeclarator[81] Successors: [VariableDeclarator[90]]
NodeName: VariableDeclarator[90] Successors: [Exit[8]]
NodeName: Exit[8] Successors: []
NodeName: VariableDeclarator[73] Successors: [VariableDeclarator[81]]

NodeName: Exit[16] Predecessor: [Entry[15]]
NodeName: Entry[15] Predecessor: []
NodeName: Exit[8] Predecessor: [VariableDeclarator[90]]
NodeName: VariableDeclarator[90] Predecessor: [VarAccess[50], VariableDeclarator[81]]
NodeName: VarAccess[50] Predecessor: [VariableDeclarator[45]]
NodeName: VariableDeclarator[45] Predecessor: [BooleanLiteral[48]]
NodeName: BooleanLiteral[48] Predecessor: [VariableDeclarator[36]]
NodeName: VariableDeclarator[36] Predecessor: [BooleanLiteral[39]]
NodeName: BooleanLiteral[39] Predecessor: [Entry[7]]
NodeName: Entry[7] Predecessor: []
NodeName: VariableDeclarator[81] Predecessor: [VariableDeclarator[62], VariableDeclarator[73]]
NodeName: VariableDeclarator[62] Predecessor: [VarAccess[54]]
NodeName: VarAccess[54] Predecessor: [VarAccess[50]]
NodeName: VariableDeclarator[73] Predecessor: [VarAccess[54]]
