Variable: x
		Abs(__Epsilon)
Variable: y
		Abs(__Epsilon)
Variable: z
		Abs(__Epsilon)
