A::A -> PrintStream::println, T::T
InstanceInitialisers::main -> A::A
Object::<init>
PrintStream::println
T::T -> Object::<init>, PrintStream::println, T::init<>
T::init<> -> PrintStream::println

