NodeName: Entry[15] Successors: [Exit[16]]
NodeName: Exit[16] Successors: []
NodeName: Entry[7] Successors: [BooleanLiteral[39]]
NodeName: BooleanLiteral[39] Successors: [VariableDeclarator[36]]
NodeName: VariableDeclarator[36] Successors: [VarAccess[43]]
NodeName: VarAccess[43] Successors: [VarAccess[43], VarAccess[47]]
NodeName: VarAccess[47] Successors: [VarAccess[47], Exit[8]]
NodeName: Exit[8] Successors: []

NodeName: Exit[16] Predecessor: [Entry[15]]
NodeName: Entry[15] Predecessor: []
NodeName: Exit[8] Predecessor: [VarAccess[47]]
NodeName: VarAccess[47] Predecessor: [VarAccess[43], VarAccess[47]]
NodeName: VarAccess[43] Predecessor: [VariableDeclarator[36], VarAccess[43]]
NodeName: VariableDeclarator[36] Predecessor: [BooleanLiteral[39]]
NodeName: BooleanLiteral[39] Predecessor: [Entry[7]]
NodeName: Entry[7] Predecessor: []
