NodeName: Entry[15] Successors: [Exit[16]]
NodeName: Exit[16] Successors: []
NodeName: Entry[7] Successors: [BooleanLiteral[32]]
NodeName: BooleanLiteral[32] Successors: [VariableDeclarator[40], BooleanLiteral[45]]
NodeName: VariableDeclarator[40] Successors: [VariableDeclarator[72]]
NodeName: VariableDeclarator[72] Successors: [Exit[8]]
NodeName: Exit[8] Successors: []
NodeName: BooleanLiteral[45] Successors: [VariableDeclarator[53], VariableDeclarator[64]]
NodeName: VariableDeclarator[53] Successors: [VariableDeclarator[72]]
NodeName: VariableDeclarator[64] Successors: [VariableDeclarator[72]]

NodeName: Exit[16] Predecessor: [Entry[15]]
NodeName: Entry[15] Predecessor: []
NodeName: Exit[8] Predecessor: [VariableDeclarator[72]]
NodeName: VariableDeclarator[72] Predecessor: [VariableDeclarator[40], VariableDeclarator[53], VariableDeclarator[64]]
NodeName: VariableDeclarator[40] Predecessor: [BooleanLiteral[32]]
NodeName: BooleanLiteral[32] Predecessor: [Entry[7]]
NodeName: Entry[7] Predecessor: []
NodeName: VariableDeclarator[53] Predecessor: [BooleanLiteral[45]]
NodeName: BooleanLiteral[45] Predecessor: [BooleanLiteral[32]]
NodeName: VariableDeclarator[64] Predecessor: [BooleanLiteral[45]]
