NodeName: Entry[15] Successors: [TypeAccess[34]]
NodeName: TypeAccess[34] Successors: [VarAccess[35]]
NodeName: VarAccess[35] Successors: [StringLiteral[39]]
NodeName: StringLiteral[39] Successors: [MethodAccess[36]]
NodeName: MethodAccess[36] Successors: [IntegerLiteral[51]]
NodeName: IntegerLiteral[51] Successors: [FieldDeclarator[48]]
NodeName: FieldDeclarator[48] Successors: [Exit[16]]
NodeName: Exit[16] Successors: []
NodeName: Entry[7] Successors: [Exit[8]]
NodeName: Exit[8] Successors: []

NodeName: Exit[16] Predecessor: [FieldDeclarator[48]]
NodeName: FieldDeclarator[48] Predecessor: [IntegerLiteral[51]]
NodeName: IntegerLiteral[51] Predecessor: [MethodAccess[36]]
NodeName: MethodAccess[36] Predecessor: [StringLiteral[39]]
NodeName: StringLiteral[39] Predecessor: [VarAccess[35]]
NodeName: VarAccess[35] Predecessor: [TypeAccess[34]]
NodeName: TypeAccess[34] Predecessor: [Entry[15]]
NodeName: Entry[15] Predecessor: []
NodeName: Exit[8] Predecessor: [Entry[7]]
NodeName: Entry[7] Predecessor: []
